
> frontend@0.0.0 build
> vite build

[36mvite v8.0.1 [32mbuilding client environment for production...[36m[39m
[2K
transforming...Γ£ô 2617 modules transformed.
node.exe : [31mΓ£ù[39m Build failed in 203ms
At line:1 char:1
+ & "C:\Program Files\nodejs/node.exe" "C:\Users\ASUS\AppData\Roaming\n ...
+ ~~~~~~~~~~~~~~~~~~~~~~~~~~~~~~~~~~~~~~~~~~~~~~~~~~~~~~~~~~~~~~~~~~~~~
    + CategoryInfo          : NotSpecified: ([31mΓ£ù[39m Build failed in 203ms:String) [], RemoteException
    + FullyQualifiedErrorId : NativeCommandError
 
[31merror during build:
[31mBuild failed with 2 errors:

[31m[builtin:vite-transform] Error:[0m Unexpected token
     [38;5;246mΓò¡[0m[38;5;246mΓöÇ[0m[38;5;246m[[0m src/pages/ManageBookings.jsx:261:1 [38;5;246m][0m
     [38;5;246mΓöé[0m
 [38;5;246m261 Γöé[0m <<[38;5;249m<[0m[38;5;249m<[0m[38;5;249m<[0m[38;5;249m<[0m[38;5;249m<[0m[38;5;249m 
[0m[38;5;249mH[0m[38;5;249mE[0m[38;5;249mA[0m[38;5;249mD[0m
 [38;5;240m    Γöé[0m ΓöÇΓö¼  
 [38;5;240m    Γöé[0m  Γò░ΓöÇΓöÇ 
[38;5;246mΓöÇΓöÇΓöÇΓöÇΓöÇΓò»[0m

[31m[builtin:vite-transform] Error:[0m Unexpected token
     [38;5;246mΓò¡[0m[38;5;246mΓöÇ[0m[38;5;246m[[0m src/pages/MyBookings.jsx:401:1 [38;5;246m][0m
     [38;5;246mΓöé[0m
 [38;5;246m401 Γöé[0m <<[38;5;249m<[0m[38;5;249m<[0m[38;5;249m<[0m[38;5;249m<[0m[38;5;249m<[0m[38;5;249m 
[0m[38;5;249mH[0m[38;5;249mE[0m[38;5;249mA[0m[38;5;249mD[0m
 [38;5;240m    Γöé[0m ΓöÇΓö¼  
 [38;5;240m    Γöé[0m  Γò░ΓöÇΓöÇ 
[38;5;246mΓöÇΓöÇΓöÇΓöÇΓöÇΓò»[0m
[31m
    at aggregateBindingErrorsIntoJsError 
(file:///D:/My%20Projects/PAF-Assignment/frontend/node_modules/rolldown/dist/shared/error-BO4SlZV_.mjs:48:18)
    at unwrapBindingResult 
(file:///D:/My%20Projects/PAF-Assignment/frontend/node_modules/rolldown/dist/shared/error-BO4SlZV_.mjs:18:128)
    at #build (file:///D:/My%20Projects/PAF-Assignment/frontend/node_modules/rolldown/dist/shared/rolldown-build-yQC7KN
8K.mjs:3311:34)
    at async buildEnvironment 
(file:///D:/My%20Projects/PAF-Assignment/frontend/node_modules/vite/dist/node/chunks/node.js:32817:64)
    at async Object.build 
(file:///D:/My%20Projects/PAF-Assignment/frontend/node_modules/vite/dist/node/chunks/node.js:33239:19)
    at async Object.buildApp 
(file:///D:/My%20Projects/PAF-Assignment/frontend/node_modules/vite/dist/node/chunks/node.js:33236:153)
    at async CAC.<anonymous> 
(file:///D:/My%20Projects/PAF-Assignment/frontend/node_modules/vite/dist/node/cli.js:778:3) {
  errors: [Getter/Setter]
}[39m
